// Jest Snapshot v1, https://goo.gl/fbAQLP

exports[`<App /> should render without crashing 1`] = `
<div data-app="true" class="application theme--dark" id="app">
  <div class="application--wrap">
    <nav class="v-toolbar v-toolbar--fixed theme--dark" style="margin-top: 0px; padding-right: 0px; padding-left: 0px; transform: translateY(0px);">
      <div class="v-toolbar__content" style="height: 64px;">
        <div class="v-toolbar__title headline text-uppercase"><span>WebColorTool</span></div>
        <div class="spacer"></div> <a href="https://github.com/joranquinten/webcolortool" target="_blank" class="v-btn v-btn--flat theme--dark">
          <div class="v-btn__content"><span class="mr-2">github</span></div>
        </a>
      </div>
    </nav>
    <main class="v-content" style="padding: 64px 0px 0px 0px;">
      <div class="v-content__wrap">
        <div class="color-tool"></div>
      </div>
    </main>
    <footer class="v-footer theme--dark" style="height: auto;">
      <div class="v-card__text white--text">
        © 2019 —
        <a href="https://joranquinten.nl/">Joran Quinten</a></div>
    </footer>
  </div>
</div>
`;
